---
version: 1
interactions:
    - request:
        body: ""
        form: {}
        headers: {}
        url: https://customer.cloudamqp.com/api/instances/359564
        method: GET
      response:
        body: '{"apikey":"REDACTED","backend":"rabbitmq","hostname_external":"test-fast-plum-quail.rmq7.cloudamqp.com","hostname_internal":"test-fast-plum-quail.in.rmq7.cloudamqp.com","id":359564,"name":"bunny1-test","nodes":1,"plan":"bunny-1","providerid":"00bfc123-4a0f-4ad7-aa11-a76587e2b9cf","ready":false,"region":"amazon-web-services::us-east-1","rmq_version":null,"tags":["test","bunny1"],"url":"amqps://REDACTED:REDACTED@test-fast-plum-quail.rmq7.cloudamqp.com/udhldnlq","urls":{"external":"amqps://REDACTED:REDACTED@test-fast-plum-quail.rmq7.cloudamqp.com/udhldnlq","internal":"amqp://REDACTED:REDACTED@test-fast-plum-quail.in.rmq7.cloudamqp.com/udhldnlq"}}'
        headers:
            Cache-Control:
                - no-cache
            Content-Length:
                - "751"
            Content-Type:
                - application/json
            Date:
                - Tue, 25 Nov 2025 20:15:30 GMT
            Nel:
                - '{"report_to":"heroku-nel","response_headers":["Via"],"max_age":3600,"success_fraction":0.01,"failure_fraction":0.1}'
                - '{"report_to":"default","max_age":31536000,"include_subdomains":true}'
            Referrer-Policy:
                - strict-origin-when-cross-origin
            Report-To:
                - '{"group":"heroku-nel","endpoints":[{"url":"https://nel.heroku.com/reports?s=fF68AhN2wX12EpXg%2B2yqwkxsRHL6Knvwe4Bgp735bgE%3D\u0026sid=af571f24-03ee-46d1-9f90-ab9030c2c74c\u0026ts=1764101730"}],"max_age":3600}'
                - '{"group":"default","max_age":31536000,"endpoints":[{"url":"https://84codes.report-uri.com/a/t/g"}],"include_subdomains":true}'
            Reporting-Endpoints:
                - heroku-nel="https://nel.heroku.com/reports?s=fF68AhN2wX12EpXg%2B2yqwkxsRHL6Knvwe4Bgp735bgE%3D&sid=af571f24-03ee-46d1-9f90-ab9030c2c74c&ts=1764101730"
            Server:
                - Heroku
            Strict-Transport-Security:
                - max-age=31536000; includeSubDomains
            Via:
                - 2.0 heroku-router
            X-Content-Type-Options:
                - nosniff
            X-Request-Id:
                - c15a81c8-e2b9-b05d-5ea2-1f369caae5f6
        status: 200 OK
        code: 200
        duration: 515.8422ms
    - request:
        body: plan=hare-1
        form:
            plan:
                - hare-1
        headers:
            Content-Type:
                - application/x-www-form-urlencoded
        url: https://customer.cloudamqp.com/api/instances/359564
        method: PUT
      response:
        body: '{"error":"Please wait for your cluster to be configured before trying to update it"}'
        headers:
            Cache-Control:
                - no-cache
            Content-Length:
                - "84"
            Content-Type:
                - application/json
            Date:
                - Tue, 25 Nov 2025 20:15:31 GMT
            Nel:
                - '{"report_to":"heroku-nel","response_headers":["Via"],"max_age":3600,"success_fraction":0.01,"failure_fraction":0.1}'
                - '{"report_to":"default","max_age":31536000,"include_subdomains":true}'
            Referrer-Policy:
                - strict-origin-when-cross-origin
            Report-To:
                - '{"group":"heroku-nel","endpoints":[{"url":"https://nel.heroku.com/reports?s=JtK8mt10FyROYGew1pP%2Fjg8%2FI0TJZIAezwD3%2FkDRIXg%3D\u0026sid=af571f24-03ee-46d1-9f90-ab9030c2c74c\u0026ts=1764101731"}],"max_age":3600}'
                - '{"group":"default","max_age":31536000,"endpoints":[{"url":"https://84codes.report-uri.com/a/t/g"}],"include_subdomains":true}'
            Reporting-Endpoints:
                - heroku-nel="https://nel.heroku.com/reports?s=JtK8mt10FyROYGew1pP%2Fjg8%2FI0TJZIAezwD3%2FkDRIXg%3D&sid=af571f24-03ee-46d1-9f90-ab9030c2c74c&ts=1764101731"
            Server:
                - Heroku
            Strict-Transport-Security:
                - max-age=31536000; includeSubDomains
            Via:
                - 2.0 heroku-router
            X-Content-Type-Options:
                - nosniff
            X-Request-Id:
                - 879309d0-6944-88f3-cf4f-a2452daf8a12
        status: 422 Unprocessable Entity
        code: 422
        duration: 255.167644ms
    - request:
        body: ""
        form: {}
        headers: {}
        url: https://customer.cloudamqp.com/api/instances/359559
        method: GET
      response:
        body: '{"apikey":"REDACTED","backend":"rabbitmq","hostname_external":"test-smart-black-horse.rmq7.cloudamqp.com","hostname_internal":"test-smart-black-horse.in.rmq7.cloudamqp.com","id":359559,"name":"bunny1-test","nodes":1,"plan":"bunny-1","providerid":"4e683759-5eb9-41b3-8794-26f751de5699","ready":true,"region":"amazon-web-services::us-east-1","rmq_version":"4.1.4","tags":["test","bunny1"],"url":"amqps://REDACTED:REDACTED@test-smart-black-horse.rmq7.cloudamqp.com/nnmueodb","urls":{"external":"amqps://REDACTED:REDACTED@test-smart-black-horse.rmq7.cloudamqp.com/nnmueodb","internal":"amqp://REDACTED:REDACTED@test-smart-black-horse.in.rmq7.cloudamqp.com/nnmueodb"}}'
        headers:
            Cache-Control:
                - no-cache
            Content-Length:
                - "763"
            Content-Type:
                - application/json
            Date:
                - Tue, 25 Nov 2025 20:21:15 GMT
            Nel:
                - '{"report_to":"heroku-nel","response_headers":["Via"],"max_age":3600,"success_fraction":0.01,"failure_fraction":0.1}'
                - '{"report_to":"default","max_age":31536000,"include_subdomains":true}'
            Referrer-Policy:
                - strict-origin-when-cross-origin
            Report-To:
                - '{"group":"heroku-nel","endpoints":[{"url":"https://nel.heroku.com/reports?s=hvrv7ZgyfwrFm9XCVpdGEKCMIFyy8XtWfN5%2FDeMs%2FEk%3D\u0026sid=af571f24-03ee-46d1-9f90-ab9030c2c74c\u0026ts=1764102075"}],"max_age":3600}'
                - '{"group":"default","max_age":31536000,"endpoints":[{"url":"https://84codes.report-uri.com/a/t/g"}],"include_subdomains":true}'
            Reporting-Endpoints:
                - heroku-nel="https://nel.heroku.com/reports?s=hvrv7ZgyfwrFm9XCVpdGEKCMIFyy8XtWfN5%2FDeMs%2FEk%3D&sid=af571f24-03ee-46d1-9f90-ab9030c2c74c&ts=1764102075"
            Server:
                - Heroku
            Strict-Transport-Security:
                - max-age=31536000; includeSubDomains
            Via:
                - 2.0 heroku-router
            X-Content-Type-Options:
                - nosniff
            X-Request-Id:
                - f5af072f-1111-89f8-aaf7-2b01eae6d702
        status: 200 OK
        code: 200
        duration: 623.661279ms
    - request:
        body: plan=hare-1
        form:
            plan:
                - hare-1
        headers:
            Content-Type:
                - application/x-www-form-urlencoded
        url: https://customer.cloudamqp.com/api/instances/359559
        method: PUT
      response:
        body: '{"message":"Your cluster is being reconfigured, this can take up to 10 minutes to complete. "}'
        headers:
            Cache-Control:
                - no-cache
            Content-Length:
                - "94"
            Content-Type:
                - application/json
            Date:
                - Tue, 25 Nov 2025 20:21:18 GMT
            Nel:
                - '{"report_to":"heroku-nel","response_headers":["Via"],"max_age":3600,"success_fraction":0.01,"failure_fraction":0.1}'
                - '{"report_to":"default","max_age":31536000,"include_subdomains":true}'
            Referrer-Policy:
                - strict-origin-when-cross-origin
            Report-To:
                - '{"group":"heroku-nel","endpoints":[{"url":"https://nel.heroku.com/reports?s=VmgOWbKN5g8l3Ecpc7bJj%2BI6wkXiR4PpR7jD9qiQltU%3D\u0026sid=af571f24-03ee-46d1-9f90-ab9030c2c74c\u0026ts=1764102076"}],"max_age":3600}'
                - '{"group":"default","max_age":31536000,"endpoints":[{"url":"https://84codes.report-uri.com/a/t/g"}],"include_subdomains":true}'
            Reporting-Endpoints:
                - heroku-nel="https://nel.heroku.com/reports?s=VmgOWbKN5g8l3Ecpc7bJj%2BI6wkXiR4PpR7jD9qiQltU%3D&sid=af571f24-03ee-46d1-9f90-ab9030c2c74c&ts=1764102076"
            Server:
                - Heroku
            Strict-Transport-Security:
                - max-age=31536000; includeSubDomains
            Via:
                - 2.0 heroku-router
            X-Content-Type-Options:
                - nosniff
            X-Request-Id:
                - 01357792-31cc-e945-2889-16758d2d0ccf
        status: 200 OK
        code: 200
        duration: 2.660481501s
    - request:
        body: ""
        form: {}
        headers: {}
        url: https://customer.cloudamqp.com/api/instances/359559
        method: GET
      response:
        body: '{"error":"Not authorized"}'
        headers:
            Cache-Control:
                - no-cache
            Content-Length:
                - "26"
            Content-Type:
                - application/json
            Date:
                - Tue, 25 Nov 2025 20:22:00 GMT
            Nel:
                - '{"report_to":"heroku-nel","response_headers":["Via"],"max_age":3600,"success_fraction":0.01,"failure_fraction":0.1}'
                - '{"report_to":"default","max_age":31536000,"include_subdomains":true}'
            Referrer-Policy:
                - strict-origin-when-cross-origin
            Report-To:
                - '{"group":"heroku-nel","endpoints":[{"url":"https://nel.heroku.com/reports?s=h4Akh%2FVqf961p58OD38b6Ofdoy5No0txviQulRwc2%2Bo%3D\u0026sid=af571f24-03ee-46d1-9f90-ab9030c2c74c\u0026ts=1764102120"}],"max_age":3600}'
                - '{"group":"default","max_age":31536000,"endpoints":[{"url":"https://84codes.report-uri.com/a/t/g"}],"include_subdomains":true}'
            Reporting-Endpoints:
                - heroku-nel="https://nel.heroku.com/reports?s=h4Akh%2FVqf961p58OD38b6Ofdoy5No0txviQulRwc2%2Bo%3D&sid=af571f24-03ee-46d1-9f90-ab9030c2c74c&ts=1764102120"
            Server:
                - Heroku
            Strict-Transport-Security:
                - max-age=31536000; includeSubDomains
            Via:
                - 2.0 heroku-router
            Www-Authenticate:
                - Basic realm="Customer API"
            X-Content-Type-Options:
                - nosniff
            X-Request-Id:
                - 60d51287-c852-d98b-34a1-0c7c25573818
        status: 401 Unauthorized
        code: 401
        duration: 439.921068ms
